// Jest Snapshot v1, https://goo.gl/fbAQLP

exports[`ChatForm render content 1`] = `
<form>
  <WithStyles(ForwardRef(TextField))
    label="Имя"
    onChange={[Function]}
    placeholder="Name"
    value="Оля"
    variant="outlined"
  />
  <WithStyles(ForwardRef(TextField))
    label="Текст"
    multiline={true}
    onChange={[Function]}
    onKeyUp={[Function]}
    placeholder="Текст сообщения"
    rows={1}
    value=""
    variant="outlined"
  />
  <WithStyles(ForwardRef(Button))
    className="makeStyles-root-1"
    onClick={[Function]}
  >
    Отправить
  </WithStyles(ForwardRef(Button))>
</form>
`;
